steph@SIMREU052:~$ systemctl status apache2
● apache2.service - The Apache HTTP Server
     Loaded: loaded (/lib/systemd/system/apache2.service; enabled; vendor prese>
     Active: active (running) since Tue 2022-04-05 10:35:35 +04; 9min ago
       Docs: https://httpd.apache.org/docs/2.4/
   Main PID: 113187 (apache2)
      Tasks: 7 (limit: 9226)
     Memory: 14.7M
     CGroup: /system.slice/apache2.service
             ├─113187 /usr/sbin/apache2 -k start
             ├─113190 /usr/sbin/apache2 -k start
             ├─113191 /usr/sbin/apache2 -k start
             ├─113192 /usr/sbin/apache2 -k start
             ├─113193 /usr/sbin/apache2 -k start
             ├─113194 /usr/sbin/apache2 -k start
             └─113978 /usr/sbin/apache2 -k start

avril 05 10:35:35 SIMREU052 systemd[1]: Starting The Apache HTTP Server...
avril 05 10:35:35 SIMREU052 apachectl[113186]: AH00558: apache2: Could not reli>
avril 05 10:35:35 SIMREU052 systemd[1]: Started The Apache HTTP Server.
...skipping...

                   SUMMARY OF LESS COMMANDS

      Commands marked with * may be preceded by a number, N.
      Notes in parentheses indicate the behavior if N is given.
      A key preceded by a caret indicates the Ctrl key; thus ^K is ctrl-K.

  h  H                 Display this help.
  q  :q  Q  :Q  ZZ     Exit.
 ---------------------------------------------------------------------------

                           MOVING

  e  ^E  j  ^N  CR  *  Forward  one line   (or N lines).
  y  ^Y  k  ^K  ^P  *  Backward one line   (or N lines).
  f  ^F  ^V  SPACE  *  Forward  one window (or N lines).
  b  ^B  ESC-v      *  Backward one window (or N lines).
  z                 *  Forward  one window (and set window to N).
  w                 *  Backward one window (and set window to N).
  ESC-SPACE         *  Forward  one window, but don't stop at end-of-file.
  d  ^D             *  Forward  one half-window (and set half-window to N).
  u  ^U             *  Backward one half-window (and set half-window to N).
  ESC-)  RightArrow *  Right one half screen width (or N positions).
HELP -- Press RETURN for more, or q when done...skipping...
● apache2.service - The Apache HTTP Server
     Loaded: loaded (/lib/systemd/system/apache2.service; enabled; vendor prese>
     Active: active (running) since Tue 2022-04-05 10:35:35 +04; 9min ago
       Docs: https://httpd.apache.org/docs/2.4/
   Main PID: 113187 (apache2)
      Tasks: 7 (limit: 9226)
     Memory: 14.7M
     CGroup: /system.slice/apache2.service
             ├─113187 /usr/sbin/apache2 -k start
             ├─113190 /usr/sbin/apache2 -k start
             ├─113191 /usr/sbin/apache2 -k start
             ├─113192 /usr/sbin/apache2 -k start
             ├─113193 /usr/sbin/apache2 -k start
             ├─113194 /usr/sbin/apache2 -k start
             └─113978 /usr/sbin/apache2 -k start

avril 05 10:35:35 SIMREU052 systemd[1]: Starting The Apache HTTP Server...
avril 05 10:35:35 SIMREU052 apachectl[113186]: AH00558: apache2: Could not reli>
avril 05 10:35:35 SIMREU052 systemd[1]: Started The Apache HTTP Server.
~
~
~
~
steph@SIMREU052:~$ sudo apt install php libapache2-mod-php php-common php-xml php-gd php-opcache php-cli php-tokenizer php-json ph
[sudo] Mot de passe de steph : 

Désolé, essayez de nouveau.
[sudo] Mot de passe de steph : 
Désolé, essayez de nouveau.
[sudo] Mot de passe de steph :              
Lecture des listes de paquets... Fait
Construction de l'arbre des dépendances       
Lecture des informations d'état... Fait
Note : sélection de « php7.4-opcache » au lieu de « php-opcache »
E: Impossible de trouver le paquet ph
steph@SIMREU052:~$ apt-get update
Lecture des listes de paquets... Fait
E: Impossible d'ouvrir le fichier verrou /var/lib/apt/lists/lock - open (13: Permission non accordée)
E: Impossible de verrouiller le répertoire /var/lib/apt/lists/
W: Problème de suppression du lien /var/cache/apt/pkgcache.bin - RemoveCaches (13: Permission non accordée)
W: Problème de suppression du lien /var/cache/apt/srcpkgcache.bin - RemoveCaches (13: Permission non accordée)
steph@SIMREU052:~$ sudo apt-get update
Atteint :1 http://archive.canonical.com/ubuntu focal InRelease                 
Ign :2 http://packages.linuxmint.com uma InRelease                             
Atteint :3 http://archive.ubuntu.com/ubuntu focal InRelease                    
Réception de :4 http://security.ubuntu.com/ubuntu focal-security InRelease [114 kB]
Atteint :5 http://packages.linuxmint.com uma Release                           
Atteint :6 https://dl.google.com/linux/chrome/deb stable InRelease             
Réception de :7 http://archive.ubuntu.com/ubuntu focal-updates InRelease [114 kB]
Réception de :9 http://archive.ubuntu.com/ubuntu focal-backports InRelease [108 kB]
336 ko réceptionnés en 3s (118 ko/s)
Lecture des listes de paquets... Fait
steph@SIMREU052:~$ sudo apt-get install docker-ce docker-ce-cli containerd.io
Lecture des listes de paquets... Fait
Construction de l'arbre des dépendances       
Lecture des informations d'état... Fait
Aucune version du paquet docker-ce n'est disponible, mais il existe dans la base
de données. Cela signifie en général que le paquet est manquant, qu'il est devenu obsolète
ou qu'il n'est disponible que sur une autre source

E: Le paquet « docker-ce » n'a pas de version susceptible d'être installée
E: Impossible de trouver le paquet docker-ce-cli
E: Impossible de trouver le paquet containerd.io
E: Impossible de trouver de paquet correspondant à l'expression rationnelle « containerd.io »
E: Impossible de trouver de paquet correspondant à l'expression rationnelle « containerd.io »
steph@SIMREU052:~$ sudo apt-get install docker-ce docker-ce-cli containerd.io
Lecture des listes de paquets... Fait
Construction de l'arbre des dépendances       
Lecture des informations d'état... Fait
Aucune version du paquet docker-ce n'est disponible, mais il existe dans la base
de données. Cela signifie en général que le paquet est manquant, qu'il est devenu obsolète
ou qu'il n'est disponible que sur une autre source

E: Le paquet « docker-ce » n'a pas de version susceptible d'être installée
E: Impossible de trouver le paquet docker-ce-cli
E: Impossible de trouver le paquet containerd.io
E: Impossible de trouver de paquet correspondant à l'expression rationnelle « containerd.io »
E: Impossible de trouver de paquet correspondant à l'expression rationnelle « containerd.io »
steph@SIMREU052:~$ sudo apt remove docker-desktop
Lecture des listes de paquets... Fait
Construction de l'arbre des dépendances       
Lecture des informations d'état... Fait
E: Impossible de trouver le paquet docker-desktop
steph@SIMREU052:~$ curl https://desktop-stage.docker.com/linux/main/amd64/76787/docker-desktop.deb --output docker-desktop.deb
  % Total    % Received % Xferd  Average Speed   Time    Time     Time  Current
                                 Dload  Upload   Total   Spent    Left  Speed
100  362M  100  362M    0     0  4153k      0  0:01:29  0:01:29 --:--:-- 4152k
steph@SIMREU052:~$ apt install ./docker-desktop.deb
Lecture des listes de paquets... Fait
Construction de l'arbre des dépendances       
Lecture des informations d'état... Fait
Note : sélection de « docker-desktop » au lieu de « ./docker-desktop.deb »
Certains paquets ne peuvent être installés. Ceci peut signifier
que vous avez demandé l'impossible, ou bien, si vous utilisez
la distribution unstable, que certains paquets n'ont pas encore
été créés ou ne sont pas sortis d'Incoming.
L'information suivante devrait vous aider à résoudre la situation : 

Les paquets suivants contiennent des dépendances non satisfaites :
 docker-desktop : Dépend: docker-ce-cli mais il n'est pas installable
E: Impossible de corriger les problèmes, des paquets défectueux sont en mode « garder en l'état ».
steph@SIMREU052:~$ apt install ./docker-desktop.deb
Lecture des listes de paquets... Fait
Construction de l'arbre des dépendances       
Lecture des informations d'état... Fait
Note : sélection de « docker-desktop » au lieu de « ./docker-desktop.deb »
Certains paquets ne peuvent être installés. Ceci peut signifier
que vous avez demandé l'impossible, ou bien, si vous utilisez
la distribution unstable, que certains paquets n'ont pas encore
été créés ou ne sont pas sortis d'Incoming.
L'information suivante devrait vous aider à résoudre la situation : 

Les paquets suivants contiennent des dépendances non satisfaites :
 docker-desktop : Dépend: docker-ce-cli mais il n'est pas installable
E: Impossible de corriger les problèmes, des paquets défectueux sont en mode « garder en l'état ».
steph@SIMREU052:~$ php -r "copy('https://getcomposer.org/installer', 'composer-setup.php');"
steph@SIMREU052:~$ php -r "if (hash_file('sha384', 'composer-setup.php') === '906a84df04cea2aa72f40b5f787e49f22d4c2f19492ac310e8cba5b96ac8b64115ac402c8cd292b8a03482574915d1a8') { echo 'Installer verified'; } else { echo 'Installer corrupt'; unlink('composer-setup.php'); } echo PHP_EOL;"
Installer verified
steph@SIMREU052:~$ php composer-setup.php
All settings correct for using Composer
Downloading...

Composer (version 2.3.3) successfully installed to: /home/steph/composer.phar
Use it: php composer.phar

steph@SIMREU052:~$ php -r "unlink('composer-setup.php');"
steph@SIMREU052:~$ composer global require laravel/installer

La commande « composer » n'a pas été trouvée, mais peut être installée avec :

sudo apt install composer

steph@SIMREU052:~$ composer global require laravel/installer

La commande « composer » n'a pas été trouvée, mais peut être installée avec :

sudo apt install composer

steph@SIMREU052:~$ composer global require laravel/installer

La commande « composer » n'a pas été trouvée, mais peut être installée avec :

sudo apt install composer

steph@SIMREU052:~$ php -r "unlink('composer-setup.php');"
PHP Warning:  unlink(composer-setup.php): No such file or directory in Command line code on line 1
steph@SIMREU052:~$ sudo mv composer.phar /usr/local/bin/composer
steph@SIMREU052:~$ composer global require laravel/installer
Changed current directory to /home/steph/.config/composer
Info from https://repo.packagist.org: #StandWithUkraine
Using version ^4.2 for laravel/installer
./composer.json has been created
Running composer update laravel/installer
Loading composer repositories with package information
Updating dependencies
Lock file operations: 13 installs, 0 updates, 0 removals
  - Locking laravel/installer (v4.2.10)
  - Locking psr/container (1.1.2)
  - Locking symfony/console (v5.4.7)
  - Locking symfony/deprecation-contracts (v2.5.1)
  - Locking symfony/polyfill-ctype (v1.25.0)
  - Locking symfony/polyfill-intl-grapheme (v1.25.0)
  - Locking symfony/polyfill-intl-normalizer (v1.25.0)
  - Locking symfony/polyfill-mbstring (v1.25.0)
  - Locking symfony/polyfill-php73 (v1.25.0)
  - Locking symfony/polyfill-php80 (v1.25.0)
  - Locking symfony/process (v5.4.7)
  - Locking symfony/service-contracts (v2.5.1)
  - Locking symfony/string (v5.4.3)
Writing lock file
Installing dependencies from lock file (including require-dev)
Package operations: 13 installs, 0 updates, 0 removals
  - Downloading symfony/polyfill-php80 (v1.25.0)
  - Downloading symfony/process (v5.4.7)
  - Downloading symfony/polyfill-mbstring (v1.25.0)
  - Downloading symfony/polyfill-intl-normalizer (v1.25.0)
  - Downloading symfony/polyfill-intl-grapheme (v1.25.0)
  - Downloading symfony/polyfill-ctype (v1.25.0)
  - Downloading symfony/string (v5.4.3)
  - Downloading symfony/deprecation-contracts (v2.5.1)
  - Downloading psr/container (1.1.2)
  - Downloading symfony/service-contracts (v2.5.1)
  - Downloading symfony/polyfill-php73 (v1.25.0)
  - Downloading symfony/console (v5.4.7)
  - Downloading laravel/installer (v4.2.10)
  - Installing symfony/polyfill-php80 (v1.25.0): Extracting archive
  - Installing symfony/process (v5.4.7): Extracting archive
  - Installing symfony/polyfill-mbstring (v1.25.0): Extracting archive
  - Installing symfony/polyfill-intl-normalizer (v1.25.0): Extracting archive
  - Installing symfony/polyfill-intl-grapheme (v1.25.0): Extracting archive
  - Installing symfony/polyfill-ctype (v1.25.0): Extracting archive
  - Installing symfony/string (v5.4.3): Extracting archive
  - Installing symfony/deprecation-contracts (v2.5.1): Extracting archive
  - Installing psr/container (1.1.2): Extracting archive
  - Installing symfony/service-contracts (v2.5.1): Extracting archive
  - Installing symfony/polyfill-php73 (v1.25.0): Extracting archive
  - Installing symfony/console (v5.4.7): Extracting archive
  - Installing laravel/installer (v4.2.10): Extracting archive
6 package suggestions were added by new dependencies, use `composer suggest` to see details.
Generating autoload files
11 packages you are using are looking for funding.
Use the `composer fund` command to find out more!
steph@SIMREU052:~$ nano .bashrc
steph@SIMREU052:~$ source ~/.bashrc
steph@SIMREU052:~$ laravel new sprint_07

 _                               _
| |                             | |
| |     __ _ _ __ __ ___   _____| |
| |    / _` | '__/ _` \ \ / / _ \ |
| |___| (_| | | | (_| |\ V /  __/ |
|______\__,_|_|  \__,_| \_/ \___|_|

Creating a "laravel/laravel" project at "./sprint_07"
Installing laravel/laravel (v8.6.11)
  - Downloading laravel/laravel (v8.6.11)
  - Installing laravel/laravel (v8.6.11): Extracting archive
Created project in /home/steph/sprint_07
> @php -r "file_exists('.env') || copy('.env.example', '.env');"
Loading composer repositories with package information
Updating dependencies
Lock file operations: 110 installs, 0 updates, 0 removals
  - Locking asm89/stack-cors (v2.1.1)
  - Locking brick/math (0.9.3)
  - Locking dflydev/dot-access-data (v3.0.1)
  - Locking doctrine/inflector (2.0.4)
  - Locking doctrine/instantiator (1.4.1)
  - Locking doctrine/lexer (1.2.3)
  - Locking dragonmantank/cron-expression (v3.3.1)
  - Locking egulias/email-validator (2.1.25)
  - Locking facade/flare-client-php (1.9.1)
  - Locking facade/ignition (2.17.5)
  - Locking facade/ignition-contracts (1.0.2)
  - Locking fakerphp/faker (v1.19.0)
  - Locking filp/whoops (2.14.5)
  - Locking fruitcake/laravel-cors (v2.2.0)
  - Locking graham-campbell/result-type (v1.0.4)
  - Locking guzzlehttp/guzzle (7.4.2)
  - Locking guzzlehttp/promises (1.5.1)
  - Locking guzzlehttp/psr7 (2.2.1)
  - Locking hamcrest/hamcrest-php (v2.0.1)
  - Locking laravel/framework (v8.83.6)
  - Locking laravel/sail (v1.13.8)
  - Locking laravel/sanctum (v2.15.0)
  - Locking laravel/serializable-closure (v1.1.1)
  - Locking laravel/tinker (v2.7.2)
  - Locking league/commonmark (2.2.3)
  - Locking league/config (v1.1.1)
  - Locking league/flysystem (1.1.9)
  - Locking league/mime-type-detection (1.9.0)
  - Locking mockery/mockery (1.5.0)
  - Locking monolog/monolog (2.4.0)
  - Locking myclabs/deep-copy (1.11.0)
  - Locking nesbot/carbon (2.57.0)
  - Locking nette/schema (v1.2.2)
  - Locking nette/utils (v3.2.7)
  - Locking nikic/php-parser (v4.13.2)
  - Locking nunomaduro/collision (v5.11.0)
  - Locking opis/closure (3.6.3)
  - Locking phar-io/manifest (2.0.3)
  - Locking phar-io/version (3.2.1)
  - Locking phpdocumentor/reflection-common (2.2.0)
  - Locking phpdocumentor/reflection-docblock (5.3.0)
  - Locking phpdocumentor/type-resolver (1.6.1)
  - Locking phpoption/phpoption (1.8.1)
  - Locking phpspec/prophecy (v1.15.0)
  - Locking phpunit/php-code-coverage (9.2.15)
  - Locking phpunit/php-file-iterator (3.0.6)
  - Locking phpunit/php-invoker (3.1.1)
  - Locking phpunit/php-text-template (2.0.4)
  - Locking phpunit/php-timer (5.0.3)
  - Locking phpunit/phpunit (9.5.20)
  - Locking psr/container (1.1.2)
  - Locking psr/event-dispatcher (1.0.0)
  - Locking psr/http-client (1.0.1)
  - Locking psr/http-factory (1.0.1)
  - Locking psr/http-message (1.0.1)
  - Locking psr/log (1.1.4)
  - Locking psr/simple-cache (1.0.1)
  - Locking psy/psysh (v0.11.2)
  - Locking ralouphie/getallheaders (3.0.3)
  - Locking ramsey/collection (1.2.2)
  - Locking ramsey/uuid (4.2.3)
  - Locking sebastian/cli-parser (1.0.1)
  - Locking sebastian/code-unit (1.0.8)
  - Locking sebastian/code-unit-reverse-lookup (2.0.3)
  - Locking sebastian/comparator (4.0.6)
  - Locking sebastian/complexity (2.0.2)
  - Locking sebastian/diff (4.0.4)
  - Locking sebastian/environment (5.1.4)
  - Locking sebastian/exporter (4.0.4)
  - Locking sebastian/global-state (5.0.5)
  - Locking sebastian/lines-of-code (1.0.3)
  - Locking sebastian/object-enumerator (4.0.4)
  - Locking sebastian/object-reflector (2.0.4)
  - Locking sebastian/recursion-context (4.0.4)
  - Locking sebastian/resource-operations (3.0.3)
  - Locking sebastian/type (3.0.0)
  - Locking sebastian/version (3.0.2)
  - Locking swiftmailer/swiftmailer (v6.3.0)
  - Locking symfony/console (v5.4.7)
  - Locking symfony/css-selector (v5.4.3)
  - Locking symfony/deprecation-contracts (v2.5.1)
  - Locking symfony/error-handler (v5.4.7)
  - Locking symfony/event-dispatcher (v5.4.3)
  - Locking symfony/event-dispatcher-contracts (v2.5.1)
  - Locking symfony/finder (v5.4.3)
  - Locking symfony/http-foundation (v5.4.6)
  - Locking symfony/http-kernel (v5.4.7)
  - Locking symfony/mime (v5.4.7)
  - Locking symfony/polyfill-ctype (v1.25.0)
  - Locking symfony/polyfill-iconv (v1.25.0)
  - Locking symfony/polyfill-intl-grapheme (v1.25.0)
  - Locking symfony/polyfill-intl-idn (v1.25.0)
  - Locking symfony/polyfill-intl-normalizer (v1.25.0)
  - Locking symfony/polyfill-mbstring (v1.25.0)
  - Locking symfony/polyfill-php72 (v1.25.0)
  - Locking symfony/polyfill-php73 (v1.25.0)
  - Locking symfony/polyfill-php80 (v1.25.0)
  - Locking symfony/polyfill-php81 (v1.25.0)
  - Locking symfony/process (v5.4.7)
  - Locking symfony/routing (v5.4.3)
  - Locking symfony/service-contracts (v2.5.1)
  - Locking symfony/string (v5.4.3)
  - Locking symfony/translation (v5.4.7)
  - Locking symfony/translation-contracts (v2.5.1)
  - Locking symfony/var-dumper (v5.4.6)
  - Locking theseer/tokenizer (1.2.1)
  - Locking tijsverkoyen/css-to-inline-styles (2.2.4)
  - Locking vlucas/phpdotenv (v5.4.1)
  - Locking voku/portable-ascii (1.6.1)
  - Locking webmozart/assert (1.10.0)
Writing lock file
Installing dependencies from lock file (including require-dev)
Package operations: 110 installs, 0 updates, 0 removals
  - Downloading doctrine/inflector (2.0.4)
  - Downloading doctrine/lexer (1.2.3)
  - Downloading webmozart/assert (1.10.0)
  - Downloading dragonmantank/cron-expression (v3.3.1)
  - Downloading symfony/var-dumper (v5.4.6)
  - Downloading psr/log (1.1.4)
  - Downloading monolog/monolog (2.4.0)
  - Downloading voku/portable-ascii (1.6.1)
  - Downloading phpoption/phpoption (1.8.1)
  - Downloading graham-campbell/result-type (v1.0.4)
  - Downloading vlucas/phpdotenv (v5.4.1)
  - Downloading symfony/css-selector (v5.4.3)
  - Downloading tijsverkoyen/css-to-inline-styles (2.2.4)
  - Downloading symfony/routing (v5.4.3)
  - Downloading symfony/polyfill-php72 (v1.25.0)
  - Downloading symfony/polyfill-intl-idn (v1.25.0)
  - Downloading symfony/mime (v5.4.7)
  - Downloading symfony/http-foundation (v5.4.6)
  - Downloading psr/event-dispatcher (1.0.0)
  - Downloading symfony/event-dispatcher-contracts (v2.5.1)
  - Downloading symfony/event-dispatcher (v5.4.3)
  - Downloading symfony/error-handler (v5.4.7)
  - Downloading symfony/http-kernel (v5.4.7)
  - Downloading symfony/finder (v5.4.3)
  - Downloading symfony/polyfill-iconv (v1.25.0)
  - Downloading egulias/email-validator (2.1.25)
  - Downloading swiftmailer/swiftmailer (v6.3.0)
  - Downloading symfony/polyfill-php81 (v1.25.0)
  - Downloading ramsey/collection (1.2.2)
  - Downloading brick/math (0.9.3)
  - Downloading ramsey/uuid (4.2.3)
  - Downloading psr/simple-cache (1.0.1)
  - Downloading opis/closure (3.6.3)
  - Downloading symfony/translation-contracts (v2.5.1)
  - Downloading symfony/translation (v5.4.7)
  - Downloading nesbot/carbon (2.57.0)
  - Downloading league/mime-type-detection (1.9.0)
  - Downloading league/flysystem (1.1.9)
  - Downloading nette/utils (v3.2.7)
  - Downloading nette/schema (v1.2.2)
  - Downloading dflydev/dot-access-data (v3.0.1)
  - Downloading league/config (v1.1.1)
  - Downloading league/commonmark (2.2.3)
  - Downloading laravel/serializable-closure (v1.1.1)
  - Downloading laravel/framework (v8.83.6)
  - Downloading facade/ignition-contracts (1.0.2)
  - Downloading facade/flare-client-php (1.9.1)
  - Downloading facade/ignition (2.17.5)
  - Downloading fakerphp/faker (v1.19.0)
  - Downloading asm89/stack-cors (v2.1.1)
  - Downloading fruitcake/laravel-cors (v2.2.0)
  - Downloading psr/http-message (1.0.1)
  - Downloading psr/http-client (1.0.1)
  - Downloading ralouphie/getallheaders (3.0.3)
  - Downloading psr/http-factory (1.0.1)
  - Downloading guzzlehttp/psr7 (2.2.1)
  - Downloading guzzlehttp/promises (1.5.1)
  - Downloading guzzlehttp/guzzle (7.4.2)
  - Downloading laravel/sail (v1.13.8)
  - Downloading laravel/sanctum (v2.15.0)
  - Downloading nikic/php-parser (v4.13.2)
  - Downloading psy/psysh (v0.11.2)
  - Downloading laravel/tinker (v2.7.2)
  - Downloading hamcrest/hamcrest-php (v2.0.1)
  - Downloading mockery/mockery (1.5.0)
  - Downloading filp/whoops (2.14.5)
  - Downloading nunomaduro/collision (v5.11.0)
  - Downloading phpdocumentor/reflection-common (2.2.0)
  - Downloading phpdocumentor/type-resolver (1.6.1)
  - Downloading phpdocumentor/reflection-docblock (5.3.0)
  - Downloading sebastian/version (3.0.2)
  - Downloading sebastian/type (3.0.0)
  - Downloading sebastian/resource-operations (3.0.3)
  - Downloading sebastian/recursion-context (4.0.4)
  - Downloading sebastian/object-reflector (2.0.4)
  - Downloading sebastian/object-enumerator (4.0.4)
  - Downloading sebastian/global-state (5.0.5)
  - Downloading sebastian/exporter (4.0.4)
  - Downloading sebastian/environment (5.1.4)
  - Downloading sebastian/diff (4.0.4)
  - Downloading sebastian/comparator (4.0.6)
  - Downloading sebastian/code-unit (1.0.8)
  - Downloading sebastian/cli-parser (1.0.1)
  - Downloading phpunit/php-timer (5.0.3)
  - Downloading phpunit/php-text-template (2.0.4)
  - Downloading phpunit/php-invoker (3.1.1)
  - Downloading phpunit/php-file-iterator (3.0.6)
  - Downloading theseer/tokenizer (1.2.1)
  - Downloading sebastian/lines-of-code (1.0.3)
  - Downloading sebastian/complexity (2.0.2)
  - Downloading sebastian/code-unit-reverse-lookup (2.0.3)
  - Downloading phpunit/php-code-coverage (9.2.15)
  - Downloading doctrine/instantiator (1.4.1)
  - Downloading phpspec/prophecy (v1.15.0)
  - Downloading phar-io/version (3.2.1)
  - Downloading phar-io/manifest (2.0.3)
  - Downloading myclabs/deep-copy (1.11.0)
  - Downloading phpunit/phpunit (9.5.20)
  - Installing doctrine/inflector (2.0.4): Extracting archive
  - Installing doctrine/lexer (1.2.3): Extracting archive
  - Installing symfony/polyfill-ctype (v1.25.0): Extracting archive
  - Installing webmozart/assert (1.10.0): Extracting archive
  - Installing dragonmantank/cron-expression (v3.3.1): Extracting archive
  - Installing symfony/polyfill-php80 (v1.25.0): Extracting archive
  - Installing symfony/polyfill-mbstring (v1.25.0): Extracting archive
  - Installing symfony/var-dumper (v5.4.6): Extracting archive
  - Installing symfony/polyfill-intl-normalizer (v1.25.0): Extracting archive
  - Installing symfony/polyfill-intl-grapheme (v1.25.0): Extracting archive
  - Installing symfony/string (v5.4.3): Extracting archive
  - Installing symfony/deprecation-contracts (v2.5.1): Extracting archive
  - Installing psr/container (1.1.2): Extracting archive
  - Installing symfony/service-contracts (v2.5.1): Extracting archive
  - Installing symfony/polyfill-php73 (v1.25.0): Extracting archive
  - Installing symfony/console (v5.4.7): Extracting archive
  - Installing psr/log (1.1.4): Extracting archive
  - Installing monolog/monolog (2.4.0): Extracting archive
  - Installing voku/portable-ascii (1.6.1): Extracting archive
  - Installing phpoption/phpoption (1.8.1): Extracting archive
  - Installing graham-campbell/result-type (v1.0.4): Extracting archive
  - Installing vlucas/phpdotenv (v5.4.1): Extracting archive
  - Installing symfony/css-selector (v5.4.3): Extracting archive
  - Installing tijsverkoyen/css-to-inline-styles (2.2.4): Extracting archive
  - Installing symfony/routing (v5.4.3): Extracting archive
  - Installing symfony/process (v5.4.7): Extracting archive
  - Installing symfony/polyfill-php72 (v1.25.0): Extracting archive
  - Installing symfony/polyfill-intl-idn (v1.25.0): Extracting archive
  - Installing symfony/mime (v5.4.7): Extracting archive
  - Installing symfony/http-foundation (v5.4.6): Extracting archive
  - Installing psr/event-dispatcher (1.0.0): Extracting archive
  - Installing symfony/event-dispatcher-contracts (v2.5.1): Extracting archive
  - Installing symfony/event-dispatcher (v5.4.3): Extracting archive
  - Installing symfony/error-handler (v5.4.7): Extracting archive
  - Installing symfony/http-kernel (v5.4.7): Extracting archive
  - Installing symfony/finder (v5.4.3): Extracting archive
  - Installing symfony/polyfill-iconv (v1.25.0): Extracting archive
  - Installing egulias/email-validator (2.1.25): Extracting archive
  - Installing swiftmailer/swiftmailer (v6.3.0): Extracting archive
  - Installing symfony/polyfill-php81 (v1.25.0): Extracting archive
  - Installing ramsey/collection (1.2.2): Extracting archive
  - Installing brick/math (0.9.3): Extracting archive
  - Installing ramsey/uuid (4.2.3): Extracting archive
  - Installing psr/simple-cache (1.0.1): Extracting archive
  - Installing opis/closure (3.6.3): Extracting archive
  - Installing symfony/translation-contracts (v2.5.1): Extracting archive
  - Installing symfony/translation (v5.4.7): Extracting archive
  - Installing nesbot/carbon (2.57.0): Extracting archive
  - Installing league/mime-type-detection (1.9.0): Extracting archive
  - Installing league/flysystem (1.1.9): Extracting archive
  - Installing nette/utils (v3.2.7): Extracting archive
  - Installing nette/schema (v1.2.2): Extracting archive
  - Installing dflydev/dot-access-data (v3.0.1): Extracting archive
  - Installing league/config (v1.1.1): Extracting archive
  - Installing league/commonmark (2.2.3): Extracting archive
  - Installing laravel/serializable-closure (v1.1.1): Extracting archive
  - Installing laravel/framework (v8.83.6): Extracting archive
  - Installing facade/ignition-contracts (1.0.2): Extracting archive
  - Installing facade/flare-client-php (1.9.1): Extracting archive
  - Installing facade/ignition (2.17.5): Extracting archive
  - Installing fakerphp/faker (v1.19.0): Extracting archive
  - Installing asm89/stack-cors (v2.1.1): Extracting archive
  - Installing fruitcake/laravel-cors (v2.2.0): Extracting archive
  - Installing psr/http-message (1.0.1): Extracting archive
  - Installing psr/http-client (1.0.1): Extracting archive
  - Installing ralouphie/getallheaders (3.0.3): Extracting archive
  - Installing psr/http-factory (1.0.1): Extracting archive
  - Installing guzzlehttp/psr7 (2.2.1): Extracting archive
  - Installing guzzlehttp/promises (1.5.1): Extracting archive
  - Installing guzzlehttp/guzzle (7.4.2): Extracting archive
  - Installing laravel/sail (v1.13.8): Extracting archive
  - Installing laravel/sanctum (v2.15.0): Extracting archive
  - Installing nikic/php-parser (v4.13.2): Extracting archive
  - Installing psy/psysh (v0.11.2): Extracting archive
  - Installing laravel/tinker (v2.7.2): Extracting archive
  - Installing hamcrest/hamcrest-php (v2.0.1): Extracting archive
  - Installing mockery/mockery (1.5.0): Extracting archive
  - Installing filp/whoops (2.14.5): Extracting archive
  - Installing nunomaduro/collision (v5.11.0): Extracting archive
  - Installing phpdocumentor/reflection-common (2.2.0): Extracting archive
  - Installing phpdocumentor/type-resolver (1.6.1): Extracting archive
  - Installing phpdocumentor/reflection-docblock (5.3.0): Extracting archive
  - Installing sebastian/version (3.0.2): Extracting archive
  - Installing sebastian/type (3.0.0): Extracting archive
  - Installing sebastian/resource-operations (3.0.3): Extracting archive
  - Installing sebastian/recursion-context (4.0.4): Extracting archive
  - Installing sebastian/object-reflector (2.0.4): Extracting archive
  - Installing sebastian/object-enumerator (4.0.4): Extracting archive
  - Installing sebastian/global-state (5.0.5): Extracting archive
  - Installing sebastian/exporter (4.0.4): Extracting archive
  - Installing sebastian/environment (5.1.4): Extracting archive
  - Installing sebastian/diff (4.0.4): Extracting archive
  - Installing sebastian/comparator (4.0.6): Extracting archive
  - Installing sebastian/code-unit (1.0.8): Extracting archive
  - Installing sebastian/cli-parser (1.0.1): Extracting archive
  - Installing phpunit/php-timer (5.0.3): Extracting archive
  - Installing phpunit/php-text-template (2.0.4): Extracting archive
  - Installing phpunit/php-invoker (3.1.1): Extracting archive
  - Installing phpunit/php-file-iterator (3.0.6): Extracting archive
  - Installing theseer/tokenizer (1.2.1): Extracting archive
  - Installing sebastian/lines-of-code (1.0.3): Extracting archive
  - Installing sebastian/complexity (2.0.2): Extracting archive
  - Installing sebastian/code-unit-reverse-lookup (2.0.3): Extracting archive
  - Installing phpunit/php-code-coverage (9.2.15): Extracting archive
  - Installing doctrine/instantiator (1.4.1): Extracting archive
  - Installing phpspec/prophecy (v1.15.0): Extracting archive
  - Installing phar-io/version (3.2.1): Extracting archive
  - Installing phar-io/manifest (2.0.3): Extracting archive
  - Installing myclabs/deep-copy (1.11.0): Extracting archive
  - Installing phpunit/phpunit (9.5.20): Extracting archive
77 package suggestions were added by new dependencies, use `composer suggest` to see details.
Package swiftmailer/swiftmailer is abandoned, you should avoid using it. Use symfony/mailer instead.
Generating optimized autoload files
> Illuminate\Foundation\ComposerScripts::postAutoloadDump
> @php artisan package:discover --ansi
Discovered Package: facade/ignition
Discovered Package: fruitcake/laravel-cors
Discovered Package: laravel/sail
Discovered Package: laravel/sanctum
Discovered Package: laravel/tinker
Discovered Package: nesbot/carbon
Discovered Package: nunomaduro/collision
Package manifest generated successfully.
77 packages you are using are looking for funding.
Use the `composer fund` command to find out more!
> @php artisan vendor:publish --tag=laravel-assets --ansi --force
No publishable resources for tag [laravel-assets].
Publishing complete.
> @php artisan key:generate --ansi
Application key set successfully.

Application ready! Build something amazing.
steph@SIMREU052:~$ cd sprint_07/
steph@SIMREU052:~/sprint_07$ composer install
Installing dependencies from lock file (including require-dev)
Verifying lock file contents can be installed on current platform.
Nothing to install, update or remove
Package swiftmailer/swiftmailer is abandoned, you should avoid using it. Use symfony/mailer instead.
Generating optimized autoload files
> Illuminate\Foundation\ComposerScripts::postAutoloadDump
> @php artisan package:discover --ansi
Discovered Package: facade/ignition
Discovered Package: fruitcake/laravel-cors
Discovered Package: laravel/sail
Discovered Package: laravel/sanctum
Discovered Package: laravel/tinker
Discovered Package: nesbot/carbon
Discovered Package: nunomaduro/collision
Package manifest generated successfully.
77 packages you are using are looking for funding.
Use the `composer fund` command to find out more!
steph@SIMREU052:~/sprint_07$ php artisan serve
Starting Laravel development server: http://127.0.0.1:8000
[Tue Apr  5 11:17:53 2022] PHP 7.4.3 Development Server (http://127.0.0.1:8000) started
[Tue Apr  5 11:18:24 2022] 127.0.0.1:37998 Accepted
[Tue Apr  5 11:18:25 2022] 127.0.0.1:37998 Closing
[Tue Apr  5 11:18:25 2022] 127.0.0.1:38002 Accepted
[Tue Apr  5 11:18:25 2022] 127.0.0.1:38002 [200]: GET /favicon.ico
[Tue Apr  5 11:18:25 2022] 127.0.0.1:38002 Closing
^C
steph@SIMREU052:~/sprint_07$ php artisan serve

